// Jest Snapshot v1, https://goo.gl/fbAQLP

exports[`throws throws if \`title\` is not provided 1`] = `[Error: \`title\` is required!]`;
